<html>
<body>
<pre>
<h1>µVision Build Log</h1>
<h2>Project:</h2>
C:\Users\zashr\OneDrive\Desktop\ARM\test2\led.uvproj
Project File Date:  02/14/2022

<h2>Output:</h2>
Build target 'Target 1'
compiling led.c...
delay.h(12): warning:  #1-D: last line of file ends without a newline
  #endif /* DELAY_H_ */
led.c: 1 warning, 0 errors
linking...
Program Size: Code=2860 RO-data=652 RW-data=28 ZI-data=516  
".\led.axf" - 0 Error(s), 1 Warning(s).
Load "C:\\Users\\zashr\\OneDrive\\Desktop\\ARM\\test2\\led.axf" 
Connecting: Mode=JTAG, Speed=1000000Hz
Erase Done.
Programming Done.
Verify OK.
</pre>
</body>
</html>
rget DLL has been cancelled
Load "C:\\Users\\zashr\\OneDrive\\Desktop\\ARM\\test2\\led.axf" 
Connecting: Mode=JTAG, Speed=1000000Hz
Erase Done.
Programming Done.
Verify OK.
of file ends without a newline
  #endif /* DELAY_H_ */
lcd.c(54): warning:  #177-D: variable "lcd_port_value" was declared but never referenced
        uint8 lcd_port_value = 0;
lcd.c(104): warning:  #177-D: variable "lcd_port_value" was declared but never referenced
        uint8 lcd_port_value = 0;
lcd.c: 4 warnings, 0 errors
linking...
Program Size: Code=2808 RO-data=652 RW-data=20 ZI-data=516  
".\led.axf" - 0 Error(s), 7 Warning(s).
Load "C:\\Users\\zashr\\OneDrive\\Desktop\\ARM\\test2\\led.axf" 
Connecting: Mode=JTAG, Speed=1000000Hz
Connection failed!, error code=&d
Error: Flash Download failed  -  Target DLL has been cancelled
